# Slackware Plasma6 deps:
futuresql
gpgme
kdsoap
libQuotient
libdisplay-info
libfprint
olm
opencv
phonon
polkit-qt-1
poppler
python-html5lib
python-webencodings
qca
qcoro
qt6
qtkeychain
quazip
wayland-utils
#
# Slackware Plasma6:
#
# Frameworks 5:
attica-5
baloo-5
frameworkintegration-5
kactivities-5
kactivities-stats-5
kapidox-5
karchive-5
kauth-5
kbookmarks-5
kcalendarcore-5
kcmutils-5
kcodecs-5
kcompletion-5
kconfig-5
kconfigwidgets-5
kcontacts-5
kcoreaddons-5
kcrash-5
kdav-5
kdbusaddons-5
kdeclarative-5
kded-5
kdesignerplugin-5
kdesu-5
kdewebkit-5
kdnssd-5
kdoctools-5
kemoticons-5
kfilemetadata-5
kglobalaccel-5
kguiaddons-5
kholidays-5
khtml-5
ki18n-5
kiconthemes-5
kidletime-5
kimageformats-5
kinit-5
kio-5
kirigami-5
kitemmodels-5
kitemviews-5
kjobwidgets-5
kjs-5
kjsembed-5
kmediaplayer-5
knewstuff-5
knotifications-5
knotifyconfig-5
kpackage-5
kparts-5
kpeople-5
kplotting-5
kpty-5
kquickcharts-5
kross-5
krunner-5
kservice-5
ktexteditor-5
ktextwidgets-5
kunitconversion-5
kwallet-5
kwayland-5
kwidgetsaddons-5
kwindowsystem-5
kxmlgui-5
kxmlrpcclient-5
plasma-framework-5
prison-5
purpose-5
qqc2-breeze5-style
qqc2-desktop-style-5
solid-5
sonnet-5
syndication-5
syntax-highlighting-5
threadweaver-5
# Frameworks:
attica
baloo
bluez-qt
breeze-icons
extra-cmake-modules
frameworkintegration
kapidox
karchive
kauth
kbookmarks
kcalendarcore
kcmutils
kcodecs
kcolorscheme
kcompletion
kconfig
kconfigwidgets
kcontacts
kcoreaddons
kcrash
kdav
kdbusaddons
kdeclarative
kded
kdesu
kdnssd
kdoctools
kfilemetadata
kglobalaccel
kguiaddons
kholidays
ki18n
kiconthemes
kidletime
kimageformats
kio
kirigami
kitemmodels
kitemviews
kjobwidgets
knewstuff
knotifications
knotifyconfig
kpackage
kparts
kpeople
kplotting
kpty
kquickcharts
krunner
kservice
kstatusnotifieritem
ksvg
ktexteditor
ktexttemplate
ktextwidgets
kunitconversion
kuserfeedback
kwallet
kwidgetsaddons
kwindowsystem
kxmlgui
modemmanager-qt
networkmanager-qt
oxygen-icons
prison
purpose
qqc2-desktop-style
solid
sonnet
syndication
syntax-highlighting
threadweaver
# KDEPIM:
akonadi
akonadi-calendar
akonadi-calendar-tools
akonadi-contacts
akonadi-import-wizard
akonadi-mime
akonadi-notes
akonadi-search
akonadiconsole
akregator
calendarsupport
eventviews
grantlee-editor
grantleetheme
incidenceeditor
kaddressbook
kalarm
kcalutils
kdepim-addons
kdepim-runtime
khealthcertificate
kidentitymanagement
kimap
kitinerary
kldap
kleopatra
kmail
kmail-account-wizard
kmailtransport
kmbox
kmime
knotes
kontact
kontactinterface
kopeninghours
korganizer
kpimtextedit
kpkpass
ksmtp
ktnef
libgravatar
libkdepim
libkgapi
libkleo
libksieve
mailcommon
mailimporter
mbox-importer
messagelib
mimetreeparser
pim-data-exporter
pim-sieve-editor
pimcommon
# Plasma:
#breeze-plymouth
#discover
#ksysguard
#lancelot
#plasma-mobile
#plasma-nano
#plasma-tests
#plasma-thunderbolt
#plasma-welcome
#plymouth-kcm
bluedevil
breeze
breeze-grub
breeze-gtk
drkonqi
kactivitymanagerd
kde-cli-tools
kde-gtk-config
kdecoration
kdeplasma-addons
kgamma
kglobalacceld
kinfocenter
kmenuedit
kpipewire
kscreen
kscreenlocker
ksshaskpass
ksystemstats
kwallet-pam
kwayland
kwayland-integration
kwin
kwrited
layer-shell-qt
libkscreen
libksysguard
libplasma
milou
ocean-sound-theme
oxygen
oxygen-sounds
plasma-activities
plasma-activities-stats
plasma-browser-integration
plasma-desktop
plasma-disks
plasma-firewall
plasma-integration
plasma-nm
plasma-pa
plasma-sdk
plasma-systemmonitor
plasma-vault
plasma-workspace
plasma-workspace-wallpapers
plasma5support
polkit-kde-agent-1
powerdevil
print-manager
qqc2-breeze-style
sddm-kcm
systemsettings
wacomtablet
xdg-desktop-portal-kde
# Plasma Extra:
##latte-dock
kirigami-addons
kmoretools
kpeoplevcard
ktextaddons
libqaccessibilityclient
oxygen-fonts
plasma-wayland-protocols
pulseaudio-qt
sddm
xwaylandvideobridge
# Applications:
#kajongg
# Still Qt5 based:
artikulate
cantor
cervisia
juk
kamoso
kde-dev-utils
kdesdk-thumbnailers
kdev-php
kdev-python
kdevelop
kgpg
kig
kio-gdrive
kipi-plugins
kmix
konversation
kqtquickcharts
krfb
ktouch
kwave
libkipi
lokalize
marble
poxml
rocs
umbrello
# End Qt5 based
#kaccounts-integration
#kaccounts-providers
#kalendar
#kalk
#kfloppy
#libkgeomap
#tokodon
alligator
analitza
ark
audiocd-kio
baloo-widgets
blinken
bomber
bovo
colord-kde
dolphin
dolphin-plugins
dragon
elisa
falkon
ffmpegthumbs
filelight
ghostwriter
granatier
gwenview
isoimagewriter
itinerary
k3b
kalgebra
kalk
kalzium
kamera
kanagram
kapman
kapptemplate
kate
katomic
kbackup
kblackbox
kblocks
kbounce
kbreakout
kbruch
kcachegrind
kcalc
kcharselect
kcolorchooser
kcron
kde-dev-scripts
kde-inotify-survey
kdebugsettings
kdeconnect-kde
kdeedu-data
kdegraphics-mobipocket
kdegraphics-thumbnailers
kdenetwork-filesharing
kdenlive
kdesdk-kio
kdf
kdialog
kdiamond
keditbookmarks
keysmith
kfind
kfourinline
kgeography
kget
kgoldrunner
khangman
khelpcenter
kigo
killbots
kimagemapeditor
kio-admin
kio-extras
kio-zeroconf
kirigami-gallery
kiriki
kiten
kjumpingcube
klettres
klickety
klines
kmag
kmahjongg
kmines
kmousetool
kmouth
kmplot
knavalbattle
knetwalk
knights
kolf
kollision
kolourpaint
kompare
konqueror
konquest
konsole
kontrast
kosmindoormap
kpat
kpmcore
kpublictransport
krdc
kreversi
kruler
ksanecore
kshisen
ksirk
ksnakeduel
kspaceduel
ksquares
ksudoku
ksystemlog
kteatime
ktimer
ktorrent
ktuberling
kturtle
kubrick
kwalletmanager
kwordquiz
libkcddb
libkcompactdisc
libkdcraw
libkdegames
libkeduvocdocument
libkexiv2
libkmahjongg
libkomparediff2
libksane
libktorrent
lskat
markdownpart
merkuro
minuet
okular
palapeli
parley
partitionmanager
picmi
skanlite
skanpage
spectacle
step
svgpart
sweeper
yakuake
zanshin
# Applications Extra:
##kstars
##labplot
#kuser
##alkimia
##calligra
##calligraplan
digikam
##kaudiocreator
kdevelop-pg-qt
kdiagram
kdsoap-ws-discovery-client
kid3
##kile
kjots
kmymoney
krename
krita
krusader
ktimetracker
labplot
##okteta
oxygen-gtk2
libkgapi-5
# ------
