ModemManager
NetworkManager
NetworkManager-openvpn
a52dec
alsa-lib
alsa-oss
alsa-plugins
alsa-utils
audiofile
##autoconf
##automake
bc
##bison
brotli
c-ares
cgmanager
db48
dbus
dbus-glib
ddrescue
efibootmgr
efivar
elfutils
elogind
exiv2
fftw
flac
##flex
gamin
##gcc
##gccmakedep
gdk-pixbuf2
gdk-pixbuf2-xlib
##gettext
giflib
glib-networking
glib
glib2
glibc-i18n
##guile
htop
icu4c
ilmbase
iniparser
##intltool
inxi
ipw2100-fw
ipw2200-fw
isl
iw
jansson
js185
lcms2
libX11
libXau
libXdmcp
libaio
libao
libarchive
libasyncns
libatasmart
libblockdev
libbytesize
libcddb
libcdio
libcdio-paranoia
libcgroup
libdeflate
libdvdnav
libdvdread
libexif
libffi
libgphoto2
libgtop
libical
libieee1284
libimobiledevice
libimobiledevice-glue
libjpeg-turbo
libmad
libmbim
libmtp
libndp
libnetfilter_conntrack
libnfnetlink
libnftnl
libnih
libnl
libnl3
libnotify
libnvme
libogg
libpcap
libpciaccess
libplist
libpng
libproxy
libpsl
libpthread-stubs
libqmi
libqrtr-glib
libsamplerate
libsndfile
libssh
libssh2
libsoup
libsoup3
libtasn1
libtheora
libtiff
libtirpc
##libtool
libusbmuxd
libvorbis
libvpx
libx86
libxcb
libxml2
libxslt
llvm
lm_sensors
lmdb
lsof
lynx
lzo
##m4
##make
mozilla-nss
mpg123
mtdev
ndctl
nettle
newt
nfs-utils
nghttp2
nghttp3
nmap
nss-mdns
ntfs-3g
nvme-cli
openexr
openjpeg
orc
os-prober
p11-kit
pm-utils
pkg-config
pulseaudio
radeontool
rpcbind
samba
sg3_utils
smartmontools
speexdsp
sqlite
svgalib
tcl
udisks
udisks2
upower
usb_modeswitch
util-macros
v4l-utils
vbetool
volume_key
vorbis-tools
wavpack
wireless-tools
wireless_tools
wpa_supplicant
zd1211-firmware
zlib
