xcb-util-wm
xcb-util-renderutil
xcb-util-errors
xorg-server-xwayland
utf8proc
sddm
qt5
python-Jinja2
python-MarkupSafe
python-PyYAML
python-alabaster
python-appdirs
python-babel
python-build
python-calver
python-certifi
python-cffi
python-chardet
python-charset-normalizer
python-distro
python-dnspython
python-docutils
python-doxypypy
python-doxyqml
python-editables
python-flit-core
python-future
python-glad2
python-hatch-vcs
python-hatchling
python-html5lib
python-idna
python-imagesize
python-importlib_metadata
python-installer
python-lxml
python-markdown
python-notify2
python-packaging
python-pathspec
python-pbr
python-pillow
python-pip
python-pluggy
python-ply
python-psutil
python-pycparser
python-pygments
python-pyproject-hooks
python-pysol_cards
python-random2
python-requests
python-sane
python-setuptools
python-setuptools_scm
python-six
python-smartypants
python-snowballstemmer
python-sphinx
python-sphinx_rtd_theme
python-tomli-w
python-trove-classifiers
python-typogrify
python-urllib3
python-versioneer
python-webencodings
python-wheel
python-zipp
