# A collection of packages for the digital musician.
OpenBLAS
a2jmidid
alsa-plugins-jack
alsa-scarlett-gui
amsynth
appstream
ardour
aubio
audacity
avldrums.lv2
boca
cadence
calf
capnproto
carla
cecilia5
chromaprint
cuetools
daw_base
dblatex
dgedit
drumgizmo
drumstick
dssi
elektroid
eq10q
faad2
faust
freac
frescobaldi
geonkick
giada
glfw
guile1.8
guitarix
gxplugins.lv2
helm-synth
hidapi
hydrogen
jack_capture
jack-example-tools
jack2
jamulus
jq
ladspa_sdk
libconfig
libcyaml
libebur128
libfishsound
libgig
liblo
liblrdf
liblscp
libltc
libmicrohttpd
libmodplug
libmp4v2
libmpdclient
libsbsms
libsmf
libwebsockets
lilv
lilypond
linuxsampler
lsp-plugins
lv2
mac
meterbridge
mixxx
mpc
muse
musescore
mxml
nlohmann-json
noise-repellent
non-daw
ntk
pipewire-jack
portaudio
portmidi
portsmf
protobuf
pulseaudio-jack
python-attrdict
python-ly
python-numpy
python-pathlib2
python-poppler-qt5
python-pygame
python-pyliblo
python-pyproject-metadata
python-pyo
qjackctl
qmidiarp
qpageview
qsampler
qsynth
qtractor
rapidjson
raptor2
rosegarden
rtaudio
rtmidi
rubberband
sc3-plugins
serd
shntool
smooth
sonic-pi
sonic-visualiser
sonivox
sord
soundfont-unison
soundtouch
speex
sratom
suil
supercollider
surge-xt
twolame
uriparser
vamp-aubio-plugins
vamp-plugin-sdk
vcvrack
vcvrack-audible-instruments
vcvrack-befaco
vcvrack-bogaudio
vcvrack-countmodula
vcvrack-impromptu-modular
vcvrack-mental
vcvrack-mindmeldmodular
vcvrack-modularfungi
vcvrack-packone
vcvrack-squinkyvcv
vcvrack-studiosixplusone
vcvrack-valley
vmpk
vst3sdk
wxWidgets
wxpython
x42-plugins
yaml-cpp
yyjson
zita-ajbridge
zita-alsa-pcmi
zita-convolver
zita-resampler
zix
zrythm
zynaddsubfx
#zyn-fusion

